// Jest Snapshot v1, https://goo.gl/fbAQLP

exports[`<TextInput /> Should match snapshot 1`] = `
<div>
  <input
    placeholder="Enter your search"
    type="search"
    value="Gold"
  />
</div>
`;
