// Jest Snapshot v1, https://goo.gl/fbAQLP

exports[`<Plans /> Should match snapshot 1`] = `
<div>
  <div
    class="plans"
  >
    <div
      class="plan"
    >
      <div
        class="plan-title"
      >
        <strong>
          Free
        </strong>
      </div>
      <div
        class="plan-content"
      >
        <div
          class="plan-content-e"
        >
          <p>
            Tipo do plano
          </p>
          <p>
            Aparece na Home
          </p>
          <p>
            Anúncios
          </p>
          <p>
            Fotos
          </p>
          <p>
            Vídeos
          </p>
          <p>
            Prioridade
          </p>
          <p>
            Duração 
            Dia(s)
          </p>
          <p>
            Preço (mês)
          </p>
        </div>
        <div
          class="plan-content-d"
        >
          <p>
            <strong>
              Individual
            </strong>
          </p>
          <p>
            <strong>
              Não
            </strong>
          </p>
          <p>
            <strong>
              1
            </strong>
          </p>
          <p>
            <strong>
              6
            </strong>
          </p>
          <p>
            <strong>
              0
            </strong>
          </p>
          <p>
            <strong>
              18
            </strong>
          </p>
          <p>
            <strong>
              7
            </strong>
          </p>
          <p>
            <strong>
              0,00 €
              +IVA
            </strong>
          </p>
        </div>
      </div>
    </div>
    <div
      class="plan"
    >
      <div
        class="plan-title"
      >
        <strong>
          Clássico
        </strong>
      </div>
      <div
        class="plan-content"
      >
        <div
          class="plan-content-e"
        >
          <p>
            Tipo do plano
          </p>
          <p>
            Aparece na Home
          </p>
          <p>
            Anúncios
          </p>
          <p>
            Fotos
          </p>
          <p>
            Vídeos
          </p>
          <p>
            Prioridade
          </p>
          <p>
            Duração 
            Mese(s)
          </p>
          <p>
            Preço (mês)
          </p>
        </div>
        <div
          class="plan-content-d"
        >
          <p>
            <strong>
              Individual
            </strong>
          </p>
          <p>
            <strong>
              Não
            </strong>
          </p>
          <p>
            <strong>
              1
            </strong>
          </p>
          <p>
            <strong>
              6
            </strong>
          </p>
          <p>
            <strong>
              0
            </strong>
          </p>
          <p>
            <strong>
              17
            </strong>
          </p>
          <p>
            <strong>
              1
            </strong>
          </p>
          <p>
            <strong>
              4,00 €
              +IVA
            </strong>
          </p>
        </div>
      </div>
    </div>
  </div>
</div>
`;
